../Core/Src/analog.c:48:6:Analog_Init	8	static
../Core/Src/analog.c:58:14:Analog_OversampleAverage	24	static
../Core/Src/analog.c:69:14:Analog_BrakePressureFromCounts	24	static
../Core/Src/analog.c:89:6:Analog_Update	24	static
../Core/Src/analog.c:107:7:Analog_GetApps1Counts	4	static
../Core/Src/analog.c:111:7:Analog_GetApps2Counts	4	static
../Core/Src/analog.c:115:7:Analog_GetBrakeCounts	4	static
../Core/Src/analog.c:119:7:Analog_GetBrakePressureBar	4	static
../Core/Src/analog.c:123:7:Analog_GetVdda	4	static
../Core/Src/analog.c:127:9:Analog_GetMcuTempC	4	static
