../Core/Src/main.c:86:5:_write	24	static
../Core/Src/main.c:95:6:HAL_TIM_PeriodElapsedCallback	16	static
../Core/Src/main.c:102:6:HAL_TIM_IC_CaptureCallback	24	static
../Core/Src/main.c:147:5:main	8	static
../Core/Src/main.c:227:6:SystemClock_Config	88	static
../Core/Src/main.c:272:6:execute_immediate_tasks	4	static
../Core/Src/main.c:276:6:execute_10ms_tasks	8	static
../Core/Src/main.c:289:6:execute_50ms_tasks	16	static
../Core/Src/main.c:316:6:execute_100ms_tasks	24	static
../Core/Src/main.c:326:7:MeasureWheelRPM	24	static
../Core/Src/main.c:344:6:Error_Handler	4	static,ignoring_inline_asm
